[devdocs.mimik.com/index.html]
[backblue.gif]
[fade.gif]
[index.html]
[devdocs.mimik.com/sitemap/sitemap-index.xml]
[devdocs.mimik.com/webpack-runtime-14b0c3ab8eef706965c6.js]
[devdocs.mimik.com/framework-f817292d3a4a82414100.js]
[devdocs.mimik.com/bf639c13-c4fcac24f5d45296370f.js]
[devdocs.mimik.com/04941aa6-8f72b7da63c2f02fe848.js]
[devdocs.mimik.com/277075f8-9aaa5cdf78c8bc329e86.js]
[devdocs.mimik.com/app-eea60c02f73aeb9c6330.js]
[devdocs.mimik.com/page-data/index/page-data.json]
[devdocs.mimik.com/page-data/sq/d/2619113677.json]
[devdocs.mimik.com/page-data/sq/d/320950771.json]
[devdocs.mimik.com/page-data/sq/d/3706406642.json]
[devdocs.mimik.com/page-data/sq/d/417421954.json]
[devdocs.mimik.com/page-data/app-data.json]
[devdocs.mimik.com/introduction/index.html]
[devdocs.mimik.com/key-concepts/index.html]
[devdocs.mimik.com/tutorials/index.html]
[devdocs.mimik.com/api/index.html]
[devdocs.mimik.com/faqs/index.html]
[devdocs.mimik.com/troubleshooting/index.html]
[devdocs.mimik.com/misc/index.html]
[devdocs.mimik.com/search-result/index.html]
[devdocs.mimik.com/misc/02-index/index.html]
[js.hs-scripts.com/3070981.js]
[devdocs.mimik.com/misc/01-index/index.html]
[devdocs.mimik.com/index.html]
[snap.licdn.com/li.lms-analytics/insight.min.js]
[devdocs.mimik.com/page-data/introduction/page-data.json]
[devdocs.mimik.com/introduction/01-index/index.html]
[devdocs.mimik.com/introduction/02-index/index.html]
[devdocs.mimik.com/introduction/03-index/index.html]
[devdocs.mimik.com/introduction/04-index/index.html]
[devdocs.mimik.com/introduction/05-index/index.html]
[devdocs.mimik.com/introduction/index.html]
[devdocs.mimik.com/page-data/key-concepts/page-data.json]
[devdocs.mimik.com/introduction/06-index/index.html]
[devdocs.mimik.com/key-concepts/01-index/index.html]
[devdocs.mimik.com/key-concepts/02-index/index.html]
[devdocs.mimik.com/key-concepts/03-index/index.html]
[devdocs.mimik.com/key-concepts/04-index/index.html]
[devdocs.mimik.com/key-concepts/05-index/index.html]
[devdocs.mimik.com/key-concepts/06-index/index.html]
[devdocs.mimik.com/key-concepts/07-index/index.html]
[devdocs.mimik.com/key-concepts/08-index/index.html]
[devdocs.mimik.com/key-concepts/09-index/index.html]
[devdocs.mimik.com/key-concepts/10-index/index.html]
[devdocs.mimik.com/key-concepts/index.html]
[devdocs.mimik.com/page-data/tutorials/page-data.json]
[devdocs.mimik.com/key-concepts/11-index/index.html]
[devdocs.mimik.com/tutorials/01-index/index.html]
[devdocs.mimik.com/tutorials/02-index/index.html]
[devdocs.mimik.com/tutorials/03-index/index.html]
[devdocs.mimik.com/tutorials/04-index/index.html]
[devdocs.mimik.com/tutorials/05-index/index.html]
[devdocs.mimik.com/tutorials/06-index/index.html]
[devdocs.mimik.com/tutorials/07-index/index.html]
[devdocs.mimik.com/tutorials/08-index/index.html]
[devdocs.mimik.com/tutorials/09-index/index.html]
[devdocs.mimik.com/tutorials/10-index/index.html]
[devdocs.mimik.com/tutorials/11-index/index.html]
[devdocs.mimik.com/tutorials/12-index/index.html]
[devdocs.mimik.com/tutorials/index.html]
[devdocs.mimik.com/page-data/api/page-data.json]
[devdocs.mimik.com/tutorials/13-index/index.html]
[devdocs.mimik.com/api/01-index/index.html]
[devdocs.mimik.com/api/02-index/index.html]
[devdocs.mimik.com/api/03-index/index.html]
[devdocs.mimik.com/api/04-index/index.html]
[devdocs.mimik.com/api/index.html]
[devdocs.mimik.com/api/05-index/index.html]
[devdocs.mimik.com/page-data/faqs/page-data.json]
[devdocs.mimik.com/faqs/01-faqs/index.html]
[devdocs.mimik.com/faqs/02-faqs/index.html]
[devdocs.mimik.com/faqs/03-faqs/index.html]
[devdocs.mimik.com/faqs/04-faqs/index.html]
[devdocs.mimik.com/faqs/05-faqs/index.html]
[devdocs.mimik.com/faqs/06-faqs/index.html]
[devdocs.mimik.com/faqs/07-faqs/index.html]
[devdocs.mimik.com/faqs/08-faqs/index.html]
[devdocs.mimik.com/faqs/index.html]
[devdocs.mimik.com/troubleshooting/index.html]
[devdocs.mimik.com/page-data/troubleshooting/page-data.json]
[devdocs.mimik.com/faqs/09-faqs/index.html]
[devdocs.mimik.com/misc/index.html]
[devdocs.mimik.com/page-data/misc/page-data.json]
[devdocs.mimik.com/search-result/index.html]
[devdocs.mimik.com/page-data/search-result/page-data.json]
[devdocs.mimik.com/misc/02-index/index.html]
[devdocs.mimik.com/page-data/misc/02-index/page-data.json]
[devdocs.mimik.com/misc/01-index/index.html]
[devdocs.mimik.com/page-data/misc/01-index/page-data.json]
[dc.ads.linkedin.com/collect/index39b7.html]
[devdocs.mimik.com/page-data/introduction/01-index/page-data.json]
[devdocs.mimik.com/static/7430201f530117211818225575cfa8ea/3e286/intro_runtime_do.png]
[devdocs.mimik.com/static/1d93b120aa6e3cc5f357f2fbbcfc9573/679d2/hybrid-edge-cloud.png]
[devdocs.mimik.com/introduction/01-index/index.html]
[devdocs.mimik.com/page-data/introduction/02-index/page-data.json]
[devdocs.mimik.com/static/2c08b1a8ba7464e575f2bc80577dcaeb/e35ec/intro_runtime_solve.png]
[devdocs.mimik.com/introduction/02-index/index.html]
[devdocs.mimik.com/page-data/introduction/03-index/page-data.json]
[devdocs.mimik.com/static/68cb03e06104111660530e402b5cb281/5e02b/intro_runtime_work.png]
[devdocs.mimik.com/introduction/03-index/index.html]
[devdocs.mimik.com/page-data/introduction/04-index/page-data.json]
[devdocs.mimik.com/static/908dd4436bb9edaca796b464e58e0c0d/512c0/intro_service_mesh_do.jpg]
[devdocs.mimik.com/introduction/04-index/index.html]
[devdocs.mimik.com/introduction/04-index/'data_image/jpeg;base64,/9j/2wBDABALDA4MChAODQ4SERATGCgaGBYWGDEjJR0oOjM9PDk/2wBDARESEhgVGC8aGi9jQjhCY2NjY2NjY2NjY2NjY2NjY2N/wgARCAAUABQDASIAAh/9k='.59.delaye]
[devdocs.mimik.com/introduction/05-index/index.html]
[devdocs.mimik.com/page-data/introduction/05-index/page-data.json]
[devdocs.mimik.com/introduction/06-index/index.html]
[devdocs.mimik.com/page-data/introduction/06-index/page-data.json]
[devdocs.mimik.com/introduction/06-index/'data_image/jpeg;base64,/9j/2wBDABALDA4MChAODQ4SERATGCgaGBYWGDEjJR0oOjM9PDk/2wBDARESEhgVGC8aGi9jQjhCY2NjY2NjY2NjY2NjY2NjY2N/wgARCAAUABQDASIAAh/9k='.5c.delaye]
[devdocs.mimik.com/page-data/key-concepts/01-index/page-data.json]
[devdocs.mimik.com/key-concepts/key-concepts/06-index.5e.delayed]
[devdocs.mimik.com/key-concepts/tutorials/02-index.5f.delayed]
[devdocs.mimik.com/key-concepts/tutorials.60.delayed]
[devdocs.mimik.com/key-concepts/tutorials/01-index.61.delayed]
[devdocs.mimik.com/key-concepts/key-concepts/02-index.62.delayed]
[devdocs.mimik.com/key-concepts/01-index/index.html]
[devdocs.mimik.com/page-data/key-concepts/02-index/page-data.json]
[devdocs.mimik.com/key-concepts/02-index/01-index.64.delayed]
[devdocs.mimik.com/static/f4b5bbe4d83e3b6a81d792d8bf073842/fb914/images-containers.jpg]
[devdocs.mimik.com/key-concepts/02-index/'data_image/jpeg;base64,/9j/2wBDABALDA4MChAODQ4SERATGCgaGBYWGDEjJR0oOjM9PDk/2wBDARESEhgVGC8aGi9jQjhCY2NjY2NjY2NjY2NjY2NjY2N/wgARCAAFABQDASIAAh/9k='.66.delaye]
[devdocs.mimik.com/key-concepts/tutorials/05-index.67.delayed]
[devdocs.mimik.com/key-concepts/02-index/index.html]
[devdocs.mimik.com/page-data/key-concepts/03-index/page-data.json]
[devdocs.mimik.com/key-concepts/key-concepts/01-index.69.delayed]
[devdocs.mimik.com/static/e4bdc4dca4dd986175d5a38e2c33ef41/bd9eb/set-id-token-c.png]
[devdocs.mimik.com/key-concepts/03-index/'data_image/png;base64,iVBORw0KGgoAAAANSUhEUgAAABQAAAAKCAYA/s3nGTWrG4zKEpfTKaarDjQ6RZyXIABMJMxMMRKMsa+0MWpZ/ob64QOO2BiYkY2pjX49vyRV2v/zL6xQAAAABJRU5ErkJggg==]
[devdocs.mimik.com/static/e4bdc4dca4dd986175d5a38e2c33ef41/e3189/set-id-token-c.png]
[devdocs.mimik.com/key-concepts/03-index/index.html]
[devdocs.mimik.com/page-data/key-concepts/04-index/page-data.json]
[devdocs.mimik.com/static/372a0baf0c9cc36eb122608aa348d1b0/e9f84/deployment-standalone-microservice.jpg]
[devdocs.mimik.com/key-concepts/04-index/'data_image/jpeg;base64,/9j/2wBDABALDA4MChAODQ4SERATGCgaGBYWGDEjJR0oOjM9PDk/2wBDARESEhgVGC8aGi9jQjhCY2NjY2NjY2NjY2NjY2NjY2N/wgARCAAOABQDASIAAh/9k='.6f.delaye]
[devdocs.mimik.com/static/7e4bc731c124aa2fcf44022f67f1550a/2fa75/deployment-iOS-microservice.jpg]
[devdocs.mimik.com/key-concepts/04-index/'data_image/jpeg;base64,/9j/2wBDABALDA4MChAODQ4SERATGCgaGBYWGDEjJR0oOjM9PDk/2wBDARESEhgVGC8aGi9jQjhCY2NjY2NjY2NjY2NjY2NjY2N/wgARCAAOABQDASIAAhEB/Z'.71.delaye]
[devdocs.mimik.com/static/6d1508ecc960168dfe197a5641012c67/24ee3/deployment-android-microservice.jpg]
[devdocs.mimik.com/key-concepts/04-index/'data_image/jpeg;base64,/9j/2wBDABALDA4MChAODQ4SERATGCgaGBYWGDEjJR0oOjM9PDk/2wBDARESEhgVGC8aGi9jQjhCY2NjY2NjY2NjY2NjY2NjY2N/wgARCAAMABQDASIAAh/9k='.73.delaye]
[devdocs.mimik.com/static/a6a9bdf7c4633952236803578980eaa4/2551b/deployments-mimik-linux-desktop.jpg]
[devdocs.mimik.com/static/416fc470df76275c4cdf245f6231ba9c/2551b/deployment-windows-microservice.jpg]
[devdocs.mimik.com/key-concepts/04-index/index.html]
[devdocs.mimik.com/key-concepts/04-index/'data_image/jpeg;base64,/9j/2wBDABALDA4MChAODQ4SERATGCgaGBYWGDEjJR0oOjM9PDk/2wBDARESEhgVGC8aGi9jQjhCY2NjY2NjY2NjY2NjY2NjY2N/wgARCAAMABQDASIAA/2Q=='.75.delaye]
[devdocs.mimik.com/key-concepts/04-index/'data_image/jpeg;base64,/9j/2wBDABALDA4MChAODQ4SERATGCgaGBYWGDEjJR0oOjM9PDk/2wBDARESEhgVGC8aGi9jQjhCY2NjY2NjY2NjY2NjY2NjY2N/wgARCAAMABQDASIAA/2Q=='.77.delaye]
[devdocs.mimik.com/page-data/key-concepts/05-index/page-data.json]
[devdocs.mimik.com/static/a8ed93954513c1653fbc6d82975513ed/50383/context-object-edge-engine-01.png]
[devdocs.mimik.com/key-concepts/05-index/'data_image/png;base64,iVBORw0KGgoAAAANSUhEUgAAABQAAAALCAYA/Ca1DAAAACXBIWXMAAAsTAAALEwEAmpwYAAACjklEQVQoz12/oGoi667CfqCilIjI5HqMioK7D/GqID4eq+JZoorGmWM8nTpMq]
[devdocs.mimik.com/static/adac971dcaded8a09207f4a76f0b6833/ab3e6/event-workflow.png]
[devdocs.mimik.com/key-concepts/05-index/'data_image/png;base64,iVBORw0KGgoAAAANSUhEUgAAABQAAAAJCAYA/TcBjH+x7gAgksQeNhkxE44PYaSLyRGF+CUSTeTXwVhHBQDy/yHL7J9/nk+T7Kg4ePGBodYzw//AYk3i5icsTHiAAAAAElFTkS]
[devdocs.mimik.com/static/adac971dcaded8a09207f4a76f0b6833/e3189/event-workflow.png]
[devdocs.mimik.com/key-concepts/05-index/06-index.7e.delayed]
[devdocs.mimik.com/static/73f80c1e4b2167fddaa9e62cf754d2f5/b5bda/edge-decryptEncryptedNodesJson.png]
[devdocs.mimik.com/key-concepts/05-index/index.html]
[devdocs.mimik.com/key-concepts/05-index/'data_image/png;base64,iVBORw0KGgoAAAANSUhEUgAAABQAAAAMCAYA/CuJCQKKzEH2JwVfauTYwUFcNDfCxMRKPBUBbEhChQFEFMgQ/fczXfPOfeKqqqkUimSySTpdPp/AAAAAElFTkSuQmCC'.80.de]
[devdocs.mimik.com/page-data/key-concepts/06-index/page-data.json]
[devdocs.mimik.com/key-concepts/introduction/06-index.82.delayed]
[devdocs.mimik.com/key-concepts/06-index/01-index.83.delayed]
[devdocs.mimik.com/key-concepts/06-index/'data_image/jpeg;base64,/9j/2wBDABALDA4MChAODQ4SERATGCgaGBYWGDEjJR0oOjM9PDk/2wBDARESEhgVGC8aGi9jQjhCY2NjY2NjY2NjY2NjY2NjY2N/wgARCAAUABQDASIAAh/9k='.84.delaye]
[devdocs.mimik.com/static/e1d40e4bbdcf8e6aad794ceac48bcfea/af07a/proxy-arch.jpg]
[devdocs.mimik.com/key-concepts/06-index/'data_image/jpeg;base64,/9j/2wBDABALDA4MChAODQ4SERATGCgaGBYWGDEjJR0oOjM9PDk/2wBDARESEhgVGC8aGi9jQjhCY2NjY2NjY2NjY2NjY2NjY2N/wgARCAATABQDASIAAh/9k='.86.delaye]
[devdocs.mimik.com/key-concepts/api/05-index.87.delayed]
[devdocs.mimik.com/static/142464f605814a6a5f9a5cf3246db44f/1b1d5/discovery-json.png]
[devdocs.mimik.com/key-concepts/06-index/'data_image/png;base64,iVBORw0KGgoAAAANSUhEUgAAABQAAAAMCAIA/UQBQG4P4cQwJs751tO53ptJ3ptNOlu8uuLIKYKCIBEchydU/s7u2/f7O2fnX9dXW09a2+ef7s/+LjWGPkBfxHatSQhCyUAAAA]
[devdocs.mimik.com/static/f0dd0d0990d65e04458f7d4686a767fa/64d87/mdebug-ui.png]
[devdocs.mimik.com/key-concepts/06-index/index.html]
[devdocs.mimik.com/key-concepts/06-index/'data_image/png;base64,iVBORw0KGgoAAAANSUhEUgAAABQAAAAPCAYA/cLDnm6v0W3YgLVYiyXx/SZblixKduQzkE7T5MeKbQQ+iDalQ4qSnbwcMnz/8ROPzwd0SmPQBm/z7E7XL4De4xhCetovPOAAAA]
[devdocs.mimik.com/page-data/key-concepts/07-index/page-data.json]
[devdocs.mimik.com/key-concepts/key-concepts/03-index.8d.delayed]
[devdocs.mimik.com/key-concepts/key-concepts/05-index.8e.delayed]
[devdocs.mimik.com/key-concepts/07-index/index.html]
[devdocs.mimik.com/key-concepts/08-index/index.html]
[devdocs.mimik.com/page-data/key-concepts/08-index/page-data.json]
[devdocs.mimik.com/page-data/key-concepts/09-index/page-data.json]
[devdocs.mimik.com/key-concepts/09-index/01-index.91.delayed]
[devdocs.mimik.com/key-concepts/09-index/03-index.92.delayed]
[devdocs.mimik.com/key-concepts/tutorials/11-index.93.delayed]
[devdocs.mimik.com/key-concepts/tutorials/12-index.94.delayed]
[devdocs.mimik.com/key-concepts/tutorials/13-index.95.delayed]
[devdocs.mimik.com/key-concepts/09-index/index.html]
[devdocs.mimik.com/page-data/key-concepts/10-index/page-data.json]
[devdocs.mimik.com/key-concepts/10-index/01-index.97.delayed]
[devdocs.mimik.com/key-concepts/10-index/03-index.98.delayed]
[devdocs.mimik.com/key-concepts/images/key-concepts/set-id-token-sm-b.99.delayed]
[devdocs.mimik.com/key-concepts/key-concepts/04-index.9a.delayed]
[devdocs.mimik.com/key-concepts/10-index/index.html]
[devdocs.mimik.com/page-data/key-concepts/11-index/page-data.json]
[devdocs.mimik.com/key-concepts/11-index/01-index.9c.delayed]
[devdocs.mimik.com/key-concepts/tutorials/03-index.9d.delayed]
[devdocs.mimik.com/key-concepts/tutorials/04-index.9e.delayed]
[devdocs.mimik.com/static/86c1d667cfa581f482e1a9ae61d98c27/7a75e/wasm-stack.png]
[devdocs.mimik.com/key-concepts/11-index/index.html]
[devdocs.mimik.com/static/7b5dd0201cb7f7a8f21c60551b164c75/432e7/instruqt-intro-ms-sm.png]
[devdocs.mimik.com/page-data/tutorials/01-index/page-data.json]
[devdocs.mimik.com/tutorials/01-index/'data_image/png;base64,iVBORw0KGgoAAAANSUhEUgAAABQAAAALCAYA/Ca1DAAAACXBIWXMAAAsTAAALEwEAmpwYAAABYklEQVQoz5V/HpTy1wzS7EYH+Dh5Mw9d3rmTOdKb/P3bVcfj1A75bRI+66DgkAAA]
[devdocs.mimik.com/static/f2b4e6f2c2ad1d07b634f178d80a52ae/fcbaf/create-account-01.png]
[devdocs.mimik.com/tutorials/01-index/'data_image/png;base64,iVBORw0KGgoAAAANSUhEUgAAABQAAAAOCAIA/f+fNsDscxrkEKSp4yWyZVE7SbOw1UxcFEn7wIMA6ZESxUop/6Fc05E9vt95b0XEWau63qaJhGZ51/QLfxCg8WyoFnwAAAABJRU5E]
[devdocs.mimik.com/static/37d6c1ae3435d82f3b2b2f7bcba0ec00/0b6f4/create-account-02.png]
[devdocs.mimik.com/tutorials/01-index/'data_image/png;base64,iVBORw0KGgoAAAANSUhEUgAAABQAAAAMCAIA/f+/lxyCXBL0NprxIpJaKEqWX+CeTqYbTuEdRIAlAuQwz3MpJaS/Gum6XX5tzOJ8354h5HEcROU4G/JacURDgl1kJZWctzw+ebiIZ]
[devdocs.mimik.com/static/51518ac9e6cb022b7a7a7bc7854778c8/798d4/select-edge-project.png]
[devdocs.mimik.com/tutorials/01-index/'data_image/png;base64,iVBORw0KGgoAAAANSUhEUgAAABQAAAARCAIA/Hg1JK61FrZpb/gJlP5Dj/Lt1BrJWcRcRNQRmrnVPaGOcwhEwk5YobOaUUY6wmxJIzK5W/3y4+9/f/tDofDMAzW2hgjM2utVy8vTd]
[devdocs.mimik.com/static/a0a6d20da708b9e303382ec730a74b03/e996b/new-project-01.png]
[devdocs.mimik.com/tutorials/01-index/'data_image/png;base64,iVBORw0KGgoAAAANSUhEUgAAABQAAAAPCAIA/L7sEl7hNsDTJo08eG0V4BuxzEdH8aVQmE5UtpCaJs4jeN4K/1cNi0zX2/9QmACDpbZWauj2yR9f//RzgO+rSRb+Lxu3i8XmbRdDp]
[devdocs.mimik.com/static/a0a6d20da708b9e303382ec730a74b03/e3189/new-project-01.png]
[devdocs.mimik.com/static/9433742cc5d8079169241a158f1f9cff/f2763/get-developer-id-01.png]
[devdocs.mimik.com/tutorials/01-index/'data_image/png;base64,iVBORw0KGgoAAAANSUhEUgAAABQAAAAKCAIA/sH+weDfdinkWz9WsjGQmkXhULJ3GROt6bMji3HJyuydNJdk/N21fHu1+Jw/pK3MFCPGiEQ4iDT5//LS+ERuXjkqrK7nS+KUJZd26]
[devdocs.mimik.com/static/9433742cc5d8079169241a158f1f9cff/e3189/get-developer-id-01.png]
[devdocs.mimik.com/static/87a323efa1996d71b84c2479449c6906/d6e3e/copy-to-clipboard.png]
[devdocs.mimik.com/tutorials/01-index/index.html]
[devdocs.mimik.com/tutorials/01-index/'data_image/png;base64,iVBORw0KGgoAAAANSUhEUgAAABQAAAAUCAIA/fM6fIjeexIzfA0CoYeI/ocg6HzNUGpNtPJaF027CNtqPdZrlfAKd2zdY3ZiZ2vbTI2O/vOML+xoD/Ap5MVmNklq6qgAAAABJRU5E]
[devdocs.mimik.com/page-data/tutorials/02-index/page-data.json]
[devdocs.mimik.com/static/8bf1dd4345e70bbc4954c8749a3f2707/cd13d/iOS-edgeEngine-license.png]
[devdocs.mimik.com/tutorials/02-index/'data_image/png;base64,iVBORw0KGgoAAAANSUhEUgAAABQAAAAOCAIA/f+fNsDscxrkEKSp4yWyZVE7SbOw1UxcFEn7wIMA6ZESxUop/6Fc05E9vt95b0XEWau63qaJhGZ51/QLfxCg8WyoFnwAAAABJRU5E]
[devdocs.mimik.com/tutorials/02-index/'data_image/png;base64,iVBORw0KGgoAAAANSUhEUgAAABQAAAAMCAIA/f+/lxyCXBL0NprxIpJaKEqWX+CeTqYbTuEdRIAlAuQwz3MpJaS/Gum6XX5tzOJ8354h5HEcROU4G/JacURDgl1kJZWctzw+ebiIZ]
[devdocs.mimik.com/static/8bf1dd4345e70bbc4954c8749a3f2707/e3189/iOS-edgeEngine-license.png]
[devdocs.mimik.com/tutorials/02-index/'data_image/png;base64,iVBORw0KGgoAAAANSUhEUgAAABQAAAARCAIA/Hg1JK61FrZpb/gJlP5Dj/Lt1BrJWcRcRNQRmrnVPaGOcwhEwk5YobOaUUY6wmxJIzK5W/3y4+9/f/tDofDMAzW2hgjM2utVy8vTd]
[devdocs.mimik.com/tutorials/02-index/'data_image/png;base64,iVBORw0KGgoAAAANSUhEUgAAABQAAAAPCAIA/L7sEl7hNsDTJo08eG0V4BuxzEdH8aVQmE5UtpCaJs4jeN4K/1cNi0zX2/9QmACDpbZWauj2yR9f//RzgO+rSRb+Lxu3i8XmbRdDp]
[devdocs.mimik.com/static/4f413d4a061fab9efb23edaa30742433/7be33/iOS-dev-id-token.png]
[devdocs.mimik.com/tutorials/02-index/'data_image/png;base64,iVBORw0KGgoAAAANSUhEUgAAABQAAAAPCAYA/X8j794cXHBr7+94Z/rK1Y3X/jw/h1Te4IKjswdwWJ7/1Pht5OwUIoe2hZkgu8eWK4dPM9DPgiX23/NvPOO39DwIwcUqkxbuIAAAA]
[devdocs.mimik.com/static/4f413d4a061fab9efb23edaa30742433/e3189/iOS-dev-id-token.png]
[devdocs.mimik.com/tutorials/02-index/index.html]
[devdocs.mimik.com/page-data/tutorials/03-index/page-data.json]
[devdocs.mimik.com/static/42a5ce7513e9d601a48ce7cb8e546c9f/432e7/instruqt-cli-tool-sm-02.png]
[devdocs.mimik.com/tutorials/03-index/index.html]
[devdocs.mimik.com/tutorials/03-index/'data_image/png;base64,iVBORw0KGgoAAAANSUhEUgAAABQAAAAKCAYA/4wU3niIEiFxOHXjEfy58+2wostlOsDeH4Jqh2B7sagO0/GjUFzOAxHKUyCFdovxVmZBCsI8wqd2R/AcxkCPK8YNnYQAAAABJRU5E]
[devdocs.mimik.com/page-data/tutorials/04-index/page-data.json]
[devdocs.mimik.com/tutorials/04-index/02-index.bf.delayed]
[devdocs.mimik.com/tutorials/04-index/index.html]
[devdocs.mimik.com/tutorials/04-index/'data_image/png;base64,iVBORw0KGgoAAAANSUhEUgAAABQAAAAKCAYA/s3nGTWrG4zKEpfTKaarDjQ6RZyXIABMJMxMMRKMsa+0MWpZ/ob64QOO2BiYkY2pjX49vyRV2vXlZ/zL6xQAAAABJRU5ErkJggg==]
[devdocs.mimik.com/page-data/tutorials/05-index/page-data.json]
[raspberrytips.com/wp-content/uploads/2019/09/wifi2d51.jpg]
[phoenixnap.com/kb/wp-content/uploads/2021/04/raspberry-pi-configuration-preferences-gui.png]
[phoenixnap.com/kb/wp-content/uploads/2021/04/raspberry-pi-configuration-interaface-gui.png]
[devdocs.mimik.com/tutorials/05-index/02-index.c5.delayed]
[devdocs.mimik.com/tutorials/05-index/index.html]
[devdocs.mimik.com/page-data/tutorials/06-index/page-data.json]
[devdocs.mimik.com/static/b852e3080c520159560bec8f259755dd/432e7/instruqt-wasm-sm.png]
[devdocs.mimik.com/tutorials/06-index/index.html]
[devdocs.mimik.com/tutorials/06-index/'data_image/png;base64,iVBORw0KGgoAAAANSUhEUgAAABQAAAALCAYA/Ca1DAAAACXBIWXMAAAsTAAALEwEAmpwYAAABfUlEQVQoz51/CQBDtf9DEHlxtQShHDw7BQBsgJho/AucxGNDswaNri+2jNVqyPLz]
[devdocs.mimik.com/static/000af05b081bb60092766114906995e9/432e7/instruqt-mdebug-sm.png]
[devdocs.mimik.com/page-data/tutorials/07-index/page-data.json]
[devdocs.mimik.com/tutorials/07-index/'data_image/png;base64,iVBORw0KGgoAAAANSUhEUgAAABQAAAALCAYA/Ca1DAAAACXBIWXMAAAsTAAALEwEAmpwYAAABXElEQVQoz51/CQBDsf9CEPkBoSxSk9AmU8EoBiSS/Ojowpefx4Sv1F7eAXXZRgqe]
[devdocs.mimik.com/tutorials/07-index/02-index.cc.delayed]
[devdocs.mimik.com/tutorials/07-index/03-index.cd.delayed]
[devdocs.mimik.com/tutorials/07-index/'data_image/png;base64,iVBORw0KGgoAAAANSUhEUgAAABQAAAAPCAYA/cLDnm6v0W3YgLVYiyXx/SZblixKduQzkE7T5MeKbQQ+iDalQ4qSnbwcMnz/8ROPzwd0SmPQBmo0U/z7E7XL4De4xhCetovPOAAAA]
[devdocs.mimik.com/static/620716b965c15c7fa3339a8ca2378205/29114/mdebug-gui-01.png]
[devdocs.mimik.com/static/620716b965c15c7fa3339a8ca2378205/e3189/mdebug-gui-01.png]
[devdocs.mimik.com/tutorials/07-index/'data_image/png;base64,iVBORw0KGgoAAAANSUhEUgAAABQAAAALCAIA/iw/M5k/GelBPLU+3vXxwMRw78zXyfwM/TNNr2QDK1n6d4YupQOFJJ1PBgupcD4VzqUiuVQkE/+WS/rPwr8e+zzc1nIIxbyeA1UVR]
[devdocs.mimik.com/tutorials/key-concepts/06-index.d2.delayed]
[devdocs.mimik.com/static/eb9852f58bfaa3316caa7fe532ed523c/29114/mdebug-gui-02.png]
[devdocs.mimik.com/static/eb9852f58bfaa3316caa7fe532ed523c/e3189/mdebug-gui-02.png]
[devdocs.mimik.com/tutorials/07-index/index.html]
[devdocs.mimik.com/tutorials/07-index/'data_image/png;base64,iVBORw0KGgoAAAANSUhEUgAAABQAAAALCAIA/H/wWMDvZMfhlLJdiFH0x+ms3PMLkkszjFpuNMKh5KJ7hUgptN/9u3QGTBxp7uwMKdnsrnFldRiXt/Ax242N4d9raZAAAAAElFTkS]
[devdocs.mimik.com/page-data/tutorials/08-index/page-data.json]
[devdocs.mimik.com/static/cdf1262d6cded7495d792108fd53a836/432e7/tunneling-intro-screen-01.png]
[devdocs.mimik.com/tutorials/08-index/index.html]
[devdocs.mimik.com/tutorials/08-index/'data_image/png;base64,iVBORw0KGgoAAAANSUhEUgAAABQAAAAMCAYA/TmZnL9+c3Z1UzbohrWBM5JpHOMkgWdk6S3zRJIJik1LdJ1L/U6pZpf43RnKWoCMZCArW2eJL5rIl/yXQwYrGOAcn0hfnxA+ltsfo]
[devdocs.mimik.com/page-data/tutorials/09-index/page-data.json]
[devdocs.mimik.com/tutorials/key-concepts/01-index.da.delayed]
[devdocs.mimik.com/tutorials/key-concepts/03-index.db.delayed]
[devdocs.mimik.com/static/795eefb73b817377bed0568aea03928f/de5ef/rangen-buggy-behavior.jpg]
[devdocs.mimik.com/tutorials/09-index/'data_image/jpeg;base64,/9j/2wBDABALDA4MChAODQ4SERATGCgaGBYWGDEjJR0oOjM9PDk/2wBDARESEhgVGC8aGi9jQjhCY2NjY2NjY2NjY2NjY2NjY2N/wgARCAARABQDASIAAhEB/2Q=='.dd.delaye]
[devdocs.mimik.com/static/d0aed2ef4ed76887d01968043c240da5/6c74b/android-studio-01.jpg]
[devdocs.mimik.com/tutorials/09-index/'data_image/jpeg;base64,/9j/2wBDABALDA4MChAODQ4SERATGCgaGBYWGDEjJR0oOjM9PDk/2wBDARESEhgVGC8aGi9jQjhCY2NjY2NjY2NjY2NjY2NjY2N/wgARCAAQABQDASIAAhEBA/9k='.df.delaye]
[devdocs.mimik.com/static/deaee90857c5549079bfed8f784eeef0/dd507/set-id-token-b.png]
[devdocs.mimik.com/static/deaee90857c5549079bfed8f784eeef0/e3189/set-id-token-b.png]
[devdocs.mimik.com/tutorials/09-index/'data_image/png;base64,iVBORw0KGgoAAAANSUhEUgAAABQAAAAMCAYA/z377zbtUVRWiKAJjDM4YQGvAaJhawRjjrDVQUp4lk/Lq2XhCJReEDfp/1dpAVBLOOaSVxN63CHu9/AB06EqKOTEm+AAAAAElFTkS]
[devdocs.mimik.com/static/d15a82a053e63dd99138048065d45cd7/c9ea2/rangen-after-photos-01.jpg]
[devdocs.mimik.com/tutorials/09-index/'data_image/jpeg;base64,/9j/2wBDABALDA4MChAODQ4SERATGCgaGBYWGDEjJR0oOjM9PDk/2wBDARESEhgVGC8aGi9jQjhCY2NjY2NjY2NjY2NjY2NjY2N/wgARCAAQABQDASIAAhEBAxE/Z'.e4.delaye]
[devdocs.mimik.com/static/d15a82a053e63dd99138048065d45cd7/af659/rangen-after-photos-01.jpg]
[devdocs.mimik.com/tutorials/09-index/index.html]
[devdocs.mimik.com/page-data/tutorials/10-index/page-data.json]
[devdocs.mimik.com/tutorials/key-concepts/02-index.e7.delayed]
[devdocs.mimik.com/tutorials/common/iOS-01/01-common.e8.delayed]
[devdocs.mimik.com/9c3b6e469fb245baf742c969932aafca/02-index.md]
[devdocs.mimik.com/static/47dc492ca0a59ae52caf877f5ee675fe/00d43/iOS-command-line-output.png]
[devdocs.mimik.com/static/9531f73c8b02168abb0be5a49a0b2d3f/00d43/iOS-random-number-working.png]
[devdocs.mimik.com/tutorials/10-index/index.html]
[devdocs.mimik.com/page-data/tutorials/11-index/page-data.json]
[devdocs.mimik.com/tutorials/tutorials/12-index.ed.delayed]
[devdocs.mimik.com/tutorials/11-index/index.html]
[devdocs.mimik.com/page-data/tutorials/12-index/page-data.json]
[devdocs.mimik.com/tutorials/12-index/02-index.ef.delayed]
[devdocs.mimik.com/tutorials/12-index/index.html]
[devdocs.mimik.com/tutorials/12-index/02-index/index.html]
[devdocs.mimik.com/page-data/tutorials/13-index/page-data.json]
[devdocs.mimik.com/tutorials/tutorials/11-index.f1.delayed]
[devdocs.mimik.com/tutorials/13-index/index.html]
[devdocs.mimik.com/api/01-index/index.html]
[devdocs.mimik.com/page-data/api/01-index/page-data.json]
[devdocs.mimik.com/api/02-index/index.html]
[devdocs.mimik.com/page-data/api/02-index/page-data.json]
[devdocs.mimik.com/page-data/api/03-index/page-data.json]
[devdocs.mimik.com/api/tutorials/07-index.f5.delayed]
[devdocs.mimik.com/api/03-index/index.html]
[devdocs.mimik.com/page-data/api/04-index/page-data.json]
[devdocs.mimik.com/api/04-index/01-index.f7.delayed]
[devdocs.mimik.com/api/04-index/02-index.f8.delayed]
[devdocs.mimik.com/api/04-index/index.html]
[devdocs.mimik.com/api/05-index/index.html]
[devdocs.mimik.com/page-data/api/05-index/page-data.json]
[devdocs.mimik.com/faqs/01-faqs/index.html]
[devdocs.mimik.com/page-data/faqs/01-faqs/page-data.json]
[devdocs.mimik.com/faqs/02-faqs/index.html]
[devdocs.mimik.com/page-data/faqs/02-faqs/page-data.json]
[devdocs.mimik.com/faqs/02-faqs/'data_image/png;base64,iVBORw0KGgoAAAANSUhEUgAAABQAAAAMCAYA/z377zbtUVRWiKAJjDM4YQGvAaJhawRjjrDVQUp4lk/Lq2XhCJReEDfp/1dpAVBLOOaSVxN63CHu9AfqTc8/AB06EqKOTEm+AAAAAElFTkS]
[devdocs.mimik.com/faqs/03-faqs/index.html]
[devdocs.mimik.com/page-data/faqs/03-faqs/page-data.json]
[devdocs.mimik.com/faqs/04-faqs/index.html]
[devdocs.mimik.com/page-data/faqs/04-faqs/page-data.json]
[devdocs.mimik.com/faqs/05-faqs/index.html]
[devdocs.mimik.com/page-data/faqs/05-faqs/page-data.json]
[devdocs.mimik.com/faqs/06-faqs/index.html]
[devdocs.mimik.com/page-data/faqs/06-faqs/page-data.json]
[devdocs.mimik.com/faqs/07-faqs/index.html]
[devdocs.mimik.com/page-data/faqs/07-faqs/page-data.json]
[devdocs.mimik.com/faqs/08-faqs/index.html]
[devdocs.mimik.com/page-data/faqs/08-faqs/page-data.json]
[devdocs.mimik.com/faqs/09-faqs/index.html]
[devdocs.mimik.com/introduction/04-index/'data_image/jpeg;base64,/9j/2wBDABALDA4MChAODQ4SERATGCgaGBYWGDEjJR0oOjM9PDk/2wBDARESEhgVGC8aGi9jQjhCY2NjY2NjY2NjY2NjY2NjY2N/wgARCAAUABQDASIAAh/9k='.59.delaye]
[devdocs.mimik.com/introduction/06-index/'data_image/jpeg;base64,/9j/2wBDABALDA4MChAODQ4SERATGCgaGBYWGDEjJR0oOjM9PDk/2wBDARESEhgVGC8aGi9jQjhCY2NjY2NjY2NjY2NjY2NjY2N/wgARCAAUABQDASIAAh/9k='.5c.delaye]
[devdocs.mimik.com/key-concepts/key-concepts/06-index.html]
[devdocs.mimik.com/key-concepts/tutorials/02-index.html]
[devdocs.mimik.com/key-concepts/tutorials.html]
[devdocs.mimik.com/key-concepts/tutorials/01-index.html]
[devdocs.mimik.com/key-concepts/key-concepts/02-index.html]
[devdocs.mimik.com/key-concepts/02-index/01-index.html]
[devdocs.mimik.com/key-concepts/02-index/'data_image/jpeg;base64,/9j/2wBDABALDA4MChAODQ4SERATGCgaGBYWGDEjJR0oOjM9PDk/2wBDARESEhgVGC8aGi9jQjhCY2NjY2NjY2NjY2NjY2NjY2N/wgARCAAFABQDASIAAh/9k='.66.delaye]
[devdocs.mimik.com/key-concepts/tutorials/05-index.html]
[devdocs.mimik.com/key-concepts/key-concepts/01-index.html]
[devdocs.mimik.com/key-concepts/03-index/'data_image/png;base64,iVBORw0KGgoAAAANSUhEUgAAABQAAAAKCAYA/s3nGTWrG4zKEpfTKaarDjQ6RZyXIABMJMxMMRKMsa+0MWpZ/ob64QOO2BiYkY2pjX49vyRV2v/zL6xQAAAABJRU5ErkJggg==]
[devdocs.mimik.com/key-concepts/04-index/'data_image/jpeg;base64,/9j/2wBDABALDA4MChAODQ4SERATGCgaGBYWGDEjJR0oOjM9PDk/2wBDARESEhgVGC8aGi9jQjhCY2NjY2NjY2NjY2NjY2NjY2N/wgARCAAOABQDASIAAh/9k='.6f.delaye]
[devdocs.mimik.com/key-concepts/04-index/'data_image/jpeg;base64,/9j/2wBDABALDA4MChAODQ4SERATGCgaGBYWGDEjJR0oOjM9PDk/2wBDARESEhgVGC8aGi9jQjhCY2NjY2NjY2NjY2NjY2NjY2N/wgARCAAOABQDASIAAhEB/Z'.71.delaye]
[devdocs.mimik.com/key-concepts/04-index/'data_image/jpeg;base64,/9j/2wBDABALDA4MChAODQ4SERATGCgaGBYWGDEjJR0oOjM9PDk/2wBDARESEhgVGC8aGi9jQjhCY2NjY2NjY2NjY2NjY2NjY2N/wgARCAAMABQDASIAAh/9k='.73.delaye]
[devdocs.mimik.com/key-concepts/04-index/'data_image/jpeg;base64,/9j/2wBDABALDA4MChAODQ4SERATGCgaGBYWGDEjJR0oOjM9PDk/2wBDARESEhgVGC8aGi9jQjhCY2NjY2NjY2NjY2NjY2NjY2N/wgARCAAMABQDASIAA/2Q=='.75.delaye]
[devdocs.mimik.com/key-concepts/04-index/'data_image/jpeg;base64,/9j/2wBDABALDA4MChAODQ4SERATGCgaGBYWGDEjJR0oOjM9PDk/2wBDARESEhgVGC8aGi9jQjhCY2NjY2NjY2NjY2NjY2NjY2N/wgARCAAMABQDASIAA/2Q=='.77.delaye]
[devdocs.mimik.com/key-concepts/05-index/'data_image/png;base64,iVBORw0KGgoAAAANSUhEUgAAABQAAAALCAYA/Ca1DAAAACXBIWXMAAAsTAAALEwEAmpwYAAACjklEQVQoz12/oGoi667CfqCilIjI5HqMioK7D/GqID4eq+JZoorGmWM8nTpMq]
[devdocs.mimik.com/key-concepts/05-index/'data_image/png;base64,iVBORw0KGgoAAAANSUhEUgAAABQAAAAJCAYA/TcBjH+x7gAgksQeNhkxE44PYaSLyRGF+CUSTeTXwVhHBQDy/yHL7J9/nk+T7Kg4ePGBodYzw//AYk3i5icsTHiAAAAAElFTkS]
[devdocs.mimik.com/key-concepts/05-index/06-index.html]
[devdocs.mimik.com/key-concepts/05-index/'data_image/png;base64,iVBORw0KGgoAAAANSUhEUgAAABQAAAAMCAYA/CuJCQKKzEH2JwVfauTYwUFcNDfCxMRKPBUBbEhChQFEFMgQ/fczXfPOfeKqqqkUimSySTpdPp/AAAAAElFTkSuQmCC'.80.de]
[devdocs.mimik.com/key-concepts/introduction/06-index.html]
[devdocs.mimik.com/key-concepts/06-index/01-index.html]
[devdocs.mimik.com/key-concepts/06-index/'data_image/jpeg;base64,/9j/2wBDABALDA4MChAODQ4SERATGCgaGBYWGDEjJR0oOjM9PDk/2wBDARESEhgVGC8aGi9jQjhCY2NjY2NjY2NjY2NjY2NjY2N/wgARCAAUABQDASIAAh/9k='.84.delaye]
[devdocs.mimik.com/key-concepts/06-index/'data_image/jpeg;base64,/9j/2wBDABALDA4MChAODQ4SERATGCgaGBYWGDEjJR0oOjM9PDk/2wBDARESEhgVGC8aGi9jQjhCY2NjY2NjY2NjY2NjY2NjY2N/wgARCAATABQDASIAAh/9k='.86.delaye]
[devdocs.mimik.com/key-concepts/api/05-index.html]
[devdocs.mimik.com/key-concepts/06-index/'data_image/png;base64,iVBORw0KGgoAAAANSUhEUgAAABQAAAAMCAIA/UQBQG4P4cQwJs751tO53ptJ3ptNOlu8uuLIKYKCIBEchydU/s7u2/f7O2fnX9dXW09a2+ef7s/+LjWGPkBfxHatSQhCyUAAAA]
[devdocs.mimik.com/key-concepts/06-index/'data_image/png;base64,iVBORw0KGgoAAAANSUhEUgAAABQAAAAPCAYA/cLDnm6v0W3YgLVYiyXx/SZblixKduQzkE7T5MeKbQQ+iDalQ4qSnbwcMnz/8ROPzwd0SmPQBm/z7E7XL4De4xhCetovPOAAAA]
[devdocs.mimik.com/key-concepts/key-concepts/03-index.html]
[devdocs.mimik.com/key-concepts/key-concepts/05-index.html]
[devdocs.mimik.com/key-concepts/09-index/01-index.html]
[devdocs.mimik.com/key-concepts/09-index/03-index.html]
[devdocs.mimik.com/key-concepts/tutorials/11-index.html]
[devdocs.mimik.com/key-concepts/tutorials/12-index.html]
[devdocs.mimik.com/key-concepts/tutorials/13-index.html]
[devdocs.mimik.com/key-concepts/10-index/01-index.html]
[devdocs.mimik.com/key-concepts/10-index/03-index.html]
[devdocs.mimik.com/key-concepts/key-concepts/04-index.html]
[devdocs.mimik.com/key-concepts/11-index/01-index.html]
[devdocs.mimik.com/key-concepts/tutorials/03-index.html]
[devdocs.mimik.com/key-concepts/tutorials/04-index.html]
[devdocs.mimik.com/tutorials/01-index/'data_image/png;base64,iVBORw0KGgoAAAANSUhEUgAAABQAAAALCAYA/Ca1DAAAACXBIWXMAAAsTAAALEwEAmpwYAAABYklEQVQoz5V/HpTy1wzS7EYH+Dh5Mw9d3rmTOdKb/P3bVcfj1A75bRI+66DgkAAA]
[devdocs.mimik.com/tutorials/01-index/'data_image/png;base64,iVBORw0KGgoAAAANSUhEUgAAABQAAAAOCAIA/f+fNsDscxrkEKSp4yWyZVE7SbOw1UxcFEn7wIMA6ZESxUop/6Fc05E9vt95b0XEWau63qaJhGZ51/QLfxCg8WyoFnwAAAABJRU5E]
[devdocs.mimik.com/tutorials/01-index/'data_image/png;base64,iVBORw0KGgoAAAANSUhEUgAAABQAAAAMCAIA/f+/lxyCXBL0NprxIpJaKEqWX+CeTqYbTuEdRIAlAuQwz3MpJaS/Gum6XX5tzOJ8354h5HEcROU4G/JacURDgl1kJZWctzw+ebiIZ]
[devdocs.mimik.com/tutorials/01-index/'data_image/png;base64,iVBORw0KGgoAAAANSUhEUgAAABQAAAARCAIA/Hg1JK61FrZpb/gJlP5Dj/Lt1BrJWcRcRNQRmrnVPaGOcwhEwk5YobOaUUY6wmxJIzK5W/3y4+9/f/tDofDMAzW2hgjM2utVy8vTd]
[devdocs.mimik.com/tutorials/01-index/'data_image/png;base64,iVBORw0KGgoAAAANSUhEUgAAABQAAAAPCAIA/L7sEl7hNsDTJo08eG0V4BuxzEdH8aVQmE5UtpCaJs4jeN4K/1cNi0zX2/9QmACDpbZWauj2yR9f//RzgO+rSRb+Lxu3i8XmbRdDp]
[devdocs.mimik.com/tutorials/01-index/'data_image/png;base64,iVBORw0KGgoAAAANSUhEUgAAABQAAAAKCAIA/sH+weDfdinkWz9WsjGQmkXhULJ3GROt6bMji3HJyuydNJdk/N21fHu1+Jw/pK3MFCPGiEQ4iDT5//LS+ERuXjkqrK7nS+KUJZd26]
[devdocs.mimik.com/tutorials/01-index/'data_image/png;base64,iVBORw0KGgoAAAANSUhEUgAAABQAAAAUCAIA/fM6fIjeexIzfA0CoYeI/ocg6HzNUGpNtPJaF027CNtqPdZrlfAKd2zdY3ZiZ2vbTI2O/vOML+xoD/Ap5MVmNklq6qgAAAABJRU5E]
[devdocs.mimik.com/tutorials/02-index/'data_image/png;base64,iVBORw0KGgoAAAANSUhEUgAAABQAAAAOCAIA/f+fNsDscxrkEKSp4yWyZVE7SbOw1UxcFEn7wIMA6ZESxUop/6Fc05E9vt95b0XEWau63qaJhGZ51/QLfxCg8WyoFnwAAAABJRU5E]
[devdocs.mimik.com/tutorials/02-index/'data_image/png;base64,iVBORw0KGgoAAAANSUhEUgAAABQAAAAMCAIA/f+/lxyCXBL0NprxIpJaKEqWX+CeTqYbTuEdRIAlAuQwz3MpJaS/Gum6XX5tzOJ8354h5HEcROU4G/JacURDgl1kJZWctzw+ebiIZ]
[devdocs.mimik.com/tutorials/02-index/'data_image/png;base64,iVBORw0KGgoAAAANSUhEUgAAABQAAAARCAIA/Hg1JK61FrZpb/gJlP5Dj/Lt1BrJWcRcRNQRmrnVPaGOcwhEwk5YobOaUUY6wmxJIzK5W/3y4+9/f/tDofDMAzW2hgjM2utVy8vTd]
[devdocs.mimik.com/tutorials/02-index/'data_image/png;base64,iVBORw0KGgoAAAANSUhEUgAAABQAAAAPCAIA/L7sEl7hNsDTJo08eG0V4BuxzEdH8aVQmE5UtpCaJs4jeN4K/1cNi0zX2/9QmACDpbZWauj2yR9f//RzgO+rSRb+Lxu3i8XmbRdDp]
[devdocs.mimik.com/tutorials/02-index/'data_image/png;base64,iVBORw0KGgoAAAANSUhEUgAAABQAAAAPCAYA/X8j794cXHBr7+94Z/rK1Y3X/jw/h1Te4IKjswdwWJ7/1Pht5OwUIoe2hZkgu8eWK4dPM9DPgiX23/NvPOO39DwIwcUqkxbuIAAAA]
[devdocs.mimik.com/tutorials/03-index/'data_image/png;base64,iVBORw0KGgoAAAANSUhEUgAAABQAAAAKCAYA/4wU3niIEiFxOHXjEfy58+2wostlOsDeH4Jqh2B7sagO0/GjUFzOAxHKUyCFdovxVmZBCsI8wqd2R/AcxkCPK8YNnYQAAAABJRU5E]
[devdocs.mimik.com/tutorials/04-index/02-index.html]
[devdocs.mimik.com/tutorials/04-index/'data_image/png;base64,iVBORw0KGgoAAAANSUhEUgAAABQAAAAKCAYA/s3nGTWrG4zKEpfTKaarDjQ6RZyXIABMJMxMMRKMsa+0MWpZ/ob64QOO2BiYkY2pjX49vyRV2vXlZ/zL6xQAAAABJRU5ErkJggg==]
[devdocs.mimik.com/tutorials/05-index/02-index.html]
[devdocs.mimik.com/tutorials/06-index/'data_image/png;base64,iVBORw0KGgoAAAANSUhEUgAAABQAAAALCAYA/Ca1DAAAACXBIWXMAAAsTAAALEwEAmpwYAAABfUlEQVQoz51/CQBDtf9DEHlxtQShHDw7BQBsgJho/AucxGNDswaNri+2jNVqyPLz]
[devdocs.mimik.com/tutorials/07-index/'data_image/png;base64,iVBORw0KGgoAAAANSUhEUgAAABQAAAALCAYA/Ca1DAAAACXBIWXMAAAsTAAALEwEAmpwYAAABXElEQVQoz51/CQBDsf9CEPkBoSxSk9AmU8EoBiSS/Ojowpefx4Sv1F7eAXXZRgqe]
[devdocs.mimik.com/tutorials/07-index/02-index.html]
[devdocs.mimik.com/tutorials/07-index/03-index.html]
[devdocs.mimik.com/tutorials/07-index/'data_image/png;base64,iVBORw0KGgoAAAANSUhEUgAAABQAAAAPCAYA/cLDnm6v0W3YgLVYiyXx/SZblixKduQzkE7T5MeKbQQ+iDalQ4qSnbwcMnz/8ROPzwd0SmPQBmo0U/z7E7XL4De4xhCetovPOAAAA]
[devdocs.mimik.com/tutorials/07-index/'data_image/png;base64,iVBORw0KGgoAAAANSUhEUgAAABQAAAALCAIA/iw/M5k/GelBPLU+3vXxwMRw78zXyfwM/TNNr2QDK1n6d4YupQOFJJ1PBgupcD4VzqUiuVQkE/+WS/rPwr8e+zzc1nIIxbyeA1UVR]
[devdocs.mimik.com/tutorials/key-concepts/06-index.html]
[devdocs.mimik.com/tutorials/07-index/'data_image/png;base64,iVBORw0KGgoAAAANSUhEUgAAABQAAAALCAIA/H/wWMDvZMfhlLJdiFH0x+ms3PMLkkszjFpuNMKh5KJ7hUgptN/9u3QGTBxp7uwMKdnsrnFldRiXt/Ax242N4d9raZAAAAAElFTkS]
[devdocs.mimik.com/tutorials/08-index/'data_image/png;base64,iVBORw0KGgoAAAANSUhEUgAAABQAAAAMCAYA/TmZnL9+c3Z1UzbohrWBM5JpHOMkgWdk6S3zRJIJik1LdJ1L/U6pZpf43RnKWoCMZCArW2eJL5rIl/yXQwYrGOAcn0hfnxA+ltsfo]
[devdocs.mimik.com/tutorials/key-concepts/01-index.html]
[devdocs.mimik.com/tutorials/key-concepts/03-index.html]
[devdocs.mimik.com/tutorials/09-index/'data_image/jpeg;base64,/9j/2wBDABALDA4MChAODQ4SERATGCgaGBYWGDEjJR0oOjM9PDk/2wBDARESEhgVGC8aGi9jQjhCY2NjY2NjY2NjY2NjY2NjY2N/wgARCAARABQDASIAAhEB/2Q=='.dd.delaye]
[devdocs.mimik.com/tutorials/09-index/'data_image/jpeg;base64,/9j/2wBDABALDA4MChAODQ4SERATGCgaGBYWGDEjJR0oOjM9PDk/2wBDARESEhgVGC8aGi9jQjhCY2NjY2NjY2NjY2NjY2NjY2N/wgARCAAQABQDASIAAhEBA/9k='.df.delaye]
[devdocs.mimik.com/tutorials/09-index/'data_image/png;base64,iVBORw0KGgoAAAANSUhEUgAAABQAAAAMCAYA/z377zbtUVRWiKAJjDM4YQGvAaJhawRjjrDVQUp4lk/Lq2XhCJReEDfp/1dpAVBLOOaSVxN63CHu9/AB06EqKOTEm+AAAAAElFTkS]
[devdocs.mimik.com/tutorials/09-index/'data_image/jpeg;base64,/9j/2wBDABALDA4MChAODQ4SERATGCgaGBYWGDEjJR0oOjM9PDk/2wBDARESEhgVGC8aGi9jQjhCY2NjY2NjY2NjY2NjY2NjY2N/wgARCAAQABQDASIAAhEBAxE/Z'.e4.delaye]
[devdocs.mimik.com/tutorials/key-concepts/02-index.html]
[devdocs.mimik.com/tutorials/common/iOS-01/01-common.html]
[devdocs.mimik.com/tutorials/tutorials/12-index.html]
[devdocs.mimik.com/tutorials/12-index/02-index.html]
[devdocs.mimik.com/tutorials/12-index/02-index/index.html]
[devdocs.mimik.com/tutorials/tutorials/11-index.html]
[devdocs.mimik.com/api/tutorials/07-index.html]
[devdocs.mimik.com/api/04-index/01-index.html]
[devdocs.mimik.com/api/04-index/02-index.html]
[devdocs.mimik.com/faqs/02-faqs/'data_image/png;base64,iVBORw0KGgoAAAANSUhEUgAAABQAAAAMCAYA/z377zbtUVRWiKAJjDM4YQGvAaJhawRjjrDVQUp4lk/Lq2XhCJReEDfp/1dpAVBLOOaSVxN63CHu9AfqTc8/AB06EqKOTEm+AAAAAElFTkS]
[devdocs.mimik.com/page-data/faqs/09-faqs/page-data.json]
[www.googletagmanager.com/gtm5445.html]
[snap.licdn.com/li.lms-analytics/insight.min.js]
[devdocs.mimik.com/introduction/01-index/index.html]
[devdocs.mimik.com/key-concepts/01-index/index.html]
[devdocs.mimik.com/tutorials/01-index/index.html]
[devdocs.mimik.com/api/01-index/index.html]
[devdocs.mimik.com/faqs/01-faqs/index.html]
[devdocs.mimik.com/introduction/06-index/'data_image/jpeg;base64,/9j/2wBDABALDA4MChAODQ4SERATGCgaGBYWGDEjJR0oOjM9PDk/2wBDARESEhgVGC8aGi9jQjhCY2NjY2NjY2NjY2NjY2NjY2N/wgARCAAUABQDASIAAh/9k='.5c.delaye]
[devdocs.mimik.com/key-concepts/key-concepts/06-index.html]
[devdocs.mimik.com/key-concepts/02-index/01-index.html]
[devdocs.mimik.com/key-concepts/key-concepts/01-index.html]
[devdocs.mimik.com/key-concepts/03-index/'data_image/png;base64,iVBORw0KGgoAAAANSUhEUgAAABQAAAAKCAYA/s3nGTWrG4zKEpfTKaarDjQ6RZyXIABMJMxMMRKMsa+0MWpZ/ob64QOO2BiYkY2pjX49vyRV2v/zL6xQAAAABJRU5ErkJggg==]
[devdocs.mimik.com/key-concepts/04-index/'data_image/jpeg;base64,/9j/2wBDABALDA4MChAODQ4SERATGCgaGBYWGDEjJR0oOjM9PDk/2wBDARESEhgVGC8aGi9jQjhCY2NjY2NjY2NjY2NjY2NjY2N/wgARCAAOABQDASIAAh/9k='.6f.delaye]
[devdocs.mimik.com/key-concepts/04-index/'data_image/jpeg;base64,/9j/2wBDABALDA4MChAODQ4SERATGCgaGBYWGDEjJR0oOjM9PDk/2wBDARESEhgVGC8aGi9jQjhCY2NjY2NjY2NjY2NjY2NjY2N/wgARCAAOABQDASIAAhEB/Z'.71.delaye]
[devdocs.mimik.com/key-concepts/04-index/'data_image/jpeg;base64,/9j/2wBDABALDA4MChAODQ4SERATGCgaGBYWGDEjJR0oOjM9PDk/2wBDARESEhgVGC8aGi9jQjhCY2NjY2NjY2NjY2NjY2NjY2N/wgARCAAMABQDASIAA/2Q=='.75.delaye]
[devdocs.mimik.com/key-concepts/04-index/'data_image/jpeg;base64,/9j/2wBDABALDA4MChAODQ4SERATGCgaGBYWGDEjJR0oOjM9PDk/2wBDARESEhgVGC8aGi9jQjhCY2NjY2NjY2NjY2NjY2NjY2N/wgARCAAMABQDASIAA/2Q=='.77.delaye]
[devdocs.mimik.com/key-concepts/05-index/'data_image/png;base64,iVBORw0KGgoAAAANSUhEUgAAABQAAAAJCAYA/TcBjH+x7gAgksQeNhkxE44PYaSLyRGF+CUSTeTXwVhHBQDy/yHL7J9/nk+T7Kg4ePGBodYzw//AYk3i5icsTHiAAAAAElFTkS]
[devdocs.mimik.com/key-concepts/05-index/06-index.html]
[devdocs.mimik.com/key-concepts/introduction/06-index.html]
[devdocs.mimik.com/key-concepts/key-concepts/03-index.html]
[devdocs.mimik.com/key-concepts/09-index/01-index.html]
[devdocs.mimik.com/key-concepts/10-index/01-index.html]
[devdocs.mimik.com/key-concepts/images/key-concepts/set-id-token-sm-b.html]
[devdocs.mimik.com/key-concepts/11-index/01-index.html]
[devdocs.mimik.com/tutorials/01-index/'data_image/png;base64,iVBORw0KGgoAAAANSUhEUgAAABQAAAALCAYA/Ca1DAAAACXBIWXMAAAsTAAALEwEAmpwYAAABYklEQVQoz5V/HpTy1wzS7EYH+Dh5Mw9d3rmTOdKb/P3bVcfj1A75bRI+66DgkAAA]
[devdocs.mimik.com/tutorials/01-index/'data_image/png;base64,iVBORw0KGgoAAAANSUhEUgAAABQAAAARCAIA/Hg1JK61FrZpb/gJlP5Dj/Lt1BrJWcRcRNQRmrnVPaGOcwhEwk5YobOaUUY6wmxJIzK5W/3y4+9/f/tDofDMAzW2hgjM2utVy8vTd]
[devdocs.mimik.com/tutorials/01-index/'data_image/png;base64,iVBORw0KGgoAAAANSUhEUgAAABQAAAAPCAIA/L7sEl7hNsDTJo08eG0V4BuxzEdH8aVQmE5UtpCaJs4jeN4K/1cNi0zX2/9QmACDpbZWauj2yR9f//RzgO+rSRb+Lxu3i8XmbRdDp]
[devdocs.mimik.com/tutorials/02-index/'data_image/png;base64,iVBORw0KGgoAAAANSUhEUgAAABQAAAAOCAIA/f+fNsDscxrkEKSp4yWyZVE7SbOw1UxcFEn7wIMA6ZESxUop/6Fc05E9vt95b0XEWau63qaJhGZ51/QLfxCg8WyoFnwAAAABJRU5E]
[phoenixnap.com/kb/wp-content/uploads/2021/04/raspberry-pi-configuration-preferences-gui.png]
[devdocs.mimik.com/tutorials/02-index/'data_image/png;base64,iVBORw0KGgoAAAANSUhEUgAAABQAAAARCAIA/Hg1JK61FrZpb/gJlP5Dj/Lt1BrJWcRcRNQRmrnVPaGOcwhEwk5YobOaUUY6wmxJIzK5W/3y4+9/f/tDofDMAzW2hgjM2utVy8vTd]
[phoenixnap.com/kb/wp-content/uploads/2021/04/raspberry-pi-configuration-interaface-gui.png]
[devdocs.mimik.com/tutorials/03-index/'data_image/png;base64,iVBORw0KGgoAAAANSUhEUgAAABQAAAAKCAYA/4wU3niIEiFxOHXjEfy58+2wostlOsDeH4Jqh2B7sagO0/GjUFzOAxHKUyCFdovxVmZBCsI8wqd2R/AcxkCPK8YNnYQAAAABJRU5E]
[devdocs.mimik.com/tutorials/04-index/02-index.html]
[devdocs.mimik.com/tutorials/05-index/02-index.html]
[devdocs.mimik.com/tutorials/06-index/'data_image/png;base64,iVBORw0KGgoAAAANSUhEUgAAABQAAAALCAYA/Ca1DAAAACXBIWXMAAAsTAAALEwEAmpwYAAABfUlEQVQoz51/CQBDtf9DEHlxtQShHDw7BQBsgJho/AucxGNDswaNri+2jNVqyPLz]
[devdocs.mimik.com/tutorials/07-index/'data_image/png;base64,iVBORw0KGgoAAAANSUhEUgAAABQAAAALCAIA/iw/M5k/GelBPLU+3vXxwMRw78zXyfwM/TNNr2QDK1n6d4YupQOFJJ1PBgupcD4VzqUiuVQkE/+WS/rPwr8e+zzc1nIIxbyeA1UVR]
[devdocs.mimik.com/tutorials/key-concepts/06-index.html]
[devdocs.mimik.com/tutorials/07-index/'data_image/png;base64,iVBORw0KGgoAAAANSUhEUgAAABQAAAALCAIA/H/wWMDvZMfhlLJdiFH0x+ms3PMLkkszjFpuNMKh5KJ7hUgptN/9u3QGTBxp7uwMKdnsrnFldRiXt/Ax242N4d9raZAAAAAElFTkS]
[devdocs.mimik.com/tutorials/08-index/'data_image/png;base64,iVBORw0KGgoAAAANSUhEUgAAABQAAAAMCAYA/TmZnL9+c3Z1UzbohrWBM5JpHOMkgWdk6S3zRJIJik1LdJ1L/U6pZpf43RnKWoCMZCArW2eJL5rIl/yXQwYrGOAcn0hfnxA+ltsfo]
[devdocs.mimik.com/tutorials/key-concepts/01-index.html]
[devdocs.mimik.com/tutorials/09-index/'data_image/jpeg;base64,/9j/2wBDABALDA4MChAODQ4SERATGCgaGBYWGDEjJR0oOjM9PDk/2wBDARESEhgVGC8aGi9jQjhCY2NjY2NjY2NjY2NjY2NjY2N/wgARCAARABQDASIAAhEB/2Q=='.dd.delaye]
[devdocs.mimik.com/tutorials/09-index/'data_image/png;base64,iVBORw0KGgoAAAANSUhEUgAAABQAAAAMCAYA/z377zbtUVRWiKAJjDM4YQGvAaJhawRjjrDVQUp4lk/Lq2XhCJReEDfp/1dpAVBLOOaSVxN63CHu9/AB06EqKOTEm+AAAAAElFTkS]
[devdocs.mimik.com/tutorials/key-concepts/02-index.html]
[devdocs.mimik.com/tutorials/tutorials/12-index.html]
[devdocs.mimik.com/tutorials/12-index/02-index.html]
[devdocs.mimik.com/tutorials/tutorials/11-index.html]
[devdocs.mimik.com/api/tutorials/07-index.html]
[devdocs.mimik.com/api/04-index/01-index.html]
[devdocs.mimik.com/faqs/02-faqs/'data_image/png;base64,iVBORw0KGgoAAAANSUhEUgAAABQAAAAMCAYA/z377zbtUVRWiKAJjDM4YQGvAaJhawRjjrDVQUp4lk/Lq2XhCJReEDfp/1dpAVBLOOaSVxN63CHu9AfqTc8/AB06EqKOTEm+AAAAAElFTkS]
[devdocs.mimik.com/introduction/04-index/'data_image/jpeg;base64,/9j/2wBDABALDA4MChAODQ4SERATGCgaGBYWGDEjJR0oOjM9PDk/2wBDARESEhgVGC8aGi9jQjhCY2NjY2NjY2NjY2NjY2NjY2N/wgARCAAUABQDASIAAh/9k='.59.delaye]
[devdocs.mimik.com/key-concepts/02-index/'data_image/jpeg;base64,/9j/2wBDABALDA4MChAODQ4SERATGCgaGBYWGDEjJR0oOjM9PDk/2wBDARESEhgVGC8aGi9jQjhCY2NjY2NjY2NjY2NjY2NjY2N/wgARCAAFABQDASIAAh/9k='.66.delaye]
[devdocs.mimik.com/key-concepts/04-index/'data_image/jpeg;base64,/9j/2wBDABALDA4MChAODQ4SERATGCgaGBYWGDEjJR0oOjM9PDk/2wBDARESEhgVGC8aGi9jQjhCY2NjY2NjY2NjY2NjY2NjY2N/wgARCAAMABQDASIAAh/9k='.73.delaye]
[devdocs.mimik.com/key-concepts/06-index/'data_image/jpeg;base64,/9j/2wBDABALDA4MChAODQ4SERATGCgaGBYWGDEjJR0oOjM9PDk/2wBDARESEhgVGC8aGi9jQjhCY2NjY2NjY2NjY2NjY2NjY2N/wgARCAATABQDASIAAh/9k='.86.delaye]
[devdocs.mimik.com/tutorials/01-index/'data_image/png;base64,iVBORw0KGgoAAAANSUhEUgAAABQAAAAKCAIA/sH+weDfdinkWz9WsjGQmkXhULJ3GROt6bMji3HJyuydNJdk/N21fHu1+Jw/pK3MFCPGiEQ4iDT5//LS+ERuXjkqrK7nS+KUJZd26]
[devdocs.mimik.com/tutorials/02-index/'data_image/png;base64,iVBORw0KGgoAAAANSUhEUgAAABQAAAAPCAYA/X8j794cXHBr7+94Z/rK1Y3X/jw/h1Te4IKjswdwWJ7/1Pht5OwUIoe2hZkgu8eWK4dPM9DPgiX23/NvPOO39DwIwcUqkxbuIAAAA]
[devdocs.mimik.com/tutorials/07-index/'data_image/png;base64,iVBORw0KGgoAAAANSUhEUgAAABQAAAALCAYA/Ca1DAAAACXBIWXMAAAsTAAALEwEAmpwYAAABXElEQVQoz51/CQBDsf9CEPkBoSxSk9AmU8EoBiSS/Ojowpefx4Sv1F7eAXXZRgqe]
[devdocs.mimik.com/tutorials/09-index/'data_image/jpeg;base64,/9j/2wBDABALDA4MChAODQ4SERATGCgaGBYWGDEjJR0oOjM9PDk/2wBDARESEhgVGC8aGi9jQjhCY2NjY2NjY2NjY2NjY2NjY2N/wgARCAAQABQDASIAAhEBA/9k='.df.delaye]
[devdocs.mimik.com/tutorials/09-index/'data_image/jpeg;base64,/9j/2wBDABALDA4MChAODQ4SERATGCgaGBYWGDEjJR0oOjM9PDk/2wBDARESEhgVGC8aGi9jQjhCY2NjY2NjY2NjY2NjY2NjY2N/wgARCAAQABQDASIAAhEBAxE/Z'.e4.delaye]
[devdocs.mimik.com/page-data/faqs/09-faqs/page-data.json]
[devdocs.mimik.com/page-data/app-data.json]
[devdocs.mimik.com/introduction/04-index/'data_image/jpeg;base64,/9j/2wBDABALDA4MChAODQ4SERATGCgaGBYWGDEjJR0oOjM9PDk/2wBDARESEhgVGC8aGi9jQjhCY2NjY2NjY2NjY2NjY2NjY2N/wgARCAAUABQDASIAAh/9k='.59.delaye]
[devdocs.mimik.com/key-concepts/02-index/'data_image/jpeg;base64,/9j/2wBDABALDA4MChAODQ4SERATGCgaGBYWGDEjJR0oOjM9PDk/2wBDARESEhgVGC8aGi9jQjhCY2NjY2NjY2NjY2NjY2NjY2N/wgARCAAFABQDASIAAh/9k='.66.delaye]
[devdocs.mimik.com/key-concepts/04-index/'data_image/jpeg;base64,/9j/2wBDABALDA4MChAODQ4SERATGCgaGBYWGDEjJR0oOjM9PDk/2wBDARESEhgVGC8aGi9jQjhCY2NjY2NjY2NjY2NjY2NjY2N/wgARCAAMABQDASIAAh/9k='.73.delaye]
[devdocs.mimik.com/key-concepts/06-index/'data_image/jpeg;base64,/9j/2wBDABALDA4MChAODQ4SERATGCgaGBYWGDEjJR0oOjM9PDk/2wBDARESEhgVGC8aGi9jQjhCY2NjY2NjY2NjY2NjY2NjY2N/wgARCAATABQDASIAAh/9k='.86.delaye]
[devdocs.mimik.com/tutorials/01-index/'data_image/png;base64,iVBORw0KGgoAAAANSUhEUgAAABQAAAAKCAIA/sH+weDfdinkWz9WsjGQmkXhULJ3GROt6bMji3HJyuydNJdk/N21fHu1+Jw/pK3MFCPGiEQ4iDT5//LS+ERuXjkqrK7nS+KUJZd26]
[devdocs.mimik.com/tutorials/02-index/'data_image/png;base64,iVBORw0KGgoAAAANSUhEUgAAABQAAAAPCAYA/X8j794cXHBr7+94Z/rK1Y3X/jw/h1Te4IKjswdwWJ7/1Pht5OwUIoe2hZkgu8eWK4dPM9DPgiX23/NvPOO39DwIwcUqkxbuIAAAA]
[devdocs.mimik.com/tutorials/07-index/'data_image/png;base64,iVBORw0KGgoAAAANSUhEUgAAABQAAAALCAYA/Ca1DAAAACXBIWXMAAAsTAAALEwEAmpwYAAABXElEQVQoz51/CQBDsf9CEPkBoSxSk9AmU8EoBiSS/Ojowpefx4Sv1F7eAXXZRgqe]
[devdocs.mimik.com/tutorials/09-index/'data_image/jpeg;base64,/9j/2wBDABALDA4MChAODQ4SERATGCgaGBYWGDEjJR0oOjM9PDk/2wBDARESEhgVGC8aGi9jQjhCY2NjY2NjY2NjY2NjY2NjY2N/wgARCAAQABQDASIAAhEBA/9k='.df.delaye]
[devdocs.mimik.com/tutorials/09-index/'data_image/jpeg;base64,/9j/2wBDABALDA4MChAODQ4SERATGCgaGBYWGDEjJR0oOjM9PDk/2wBDARESEhgVGC8aGi9jQjhCY2NjY2NjY2NjY2NjY2NjY2N/wgARCAAQABQDASIAAhEBAxE/Z'.e4.delaye]
